
===========================================================================
report_checks -unconstrained
============================================================================
Startpoint: io_in[14] (input port clocked by user_clock2)
Endpoint: wrapped_multiplier_8_1/io_in[14] (internal pin)
Path Group: (none)
Path Type: max

Fanout     Cap    Slew   Delay    Time   Description
-----------------------------------------------------------------------------
                          2.00    2.00 ^ input external delay
                  8.88    5.60    7.60 ^ io_in[14] (in)
     1    0.56                           io_in[14] (net)
                  8.93    0.00    7.60 ^ wrapped_multiplier_8_1/io_in[14] (wrapped_multiplier_8)
                                  7.60   data arrival time
-----------------------------------------------------------------------------
(Path is unconstrained)



===========================================================================
report_checks --slack_max -0.01
============================================================================
No paths found.
